# ReedWeave_UB benchmark provenance and verifier log
started_utc=2026-09-13T20:03:22Z
rustc 1.95.0 (59807616e 2026-04-14)
2d747fb41726416551f75e603a15f97150df76c2
dcd97379374539ada64e3b161f0a557ca4b66cae18b1015dd67592d58bfdee60  target/release/reedweave-ub-bench
10ebf286963de4a85d19d693684120073753ace0cddaa80736614e115002844d  configs/reedweave_ub.toml
984f5a21bc2463bbcb75094e928a648ce410c3e3e692d5c8bcd2cd92d7b75586  Cargo.lock
command=target/release/reedweave-ub-bench sweep --config configs/reedweave_ub.toml --threads 32 --out <staging>
finished_utc=2026-09-13T20:05:36Z
source_tree_state=working tree (uncommitted protocol corrections and renames)
source_sha256=a9d4e04d4064be87f582c9332653423316f7c998571666e4fa425e7f92d85cca
goldilocks e=2 log_d=20 m=32 blowup=2 terminal_coefficients=256 num_queries=241 threads=32: geometry valid; security not evaluated; estimated bytes coefficients=8388608 matrix=16777216 trees=8322848 scratch=104264448 peak_with_overhead=205745832; available_memory_bytes=Some(520903266304) available_cpus=Some(256)
START goldilocks e=2 log_d=20 m=32 blowup=2 terminal_coefficients=256 num_queries=241 threads=32 timing_model=core-v1 seed=20260906 warmups=1 repetitions=5
WARMUP VERIFIED goldilocks e=2 log_d=20 m=32 blowup=2 terminal_coefficients=256 num_queries=241 threads=32 proof_size=531682
VERIFIED goldilocks e=2 log_d=20 m=32 blowup=2 terminal_coefficients=256 num_queries=241 threads=32 repetition=1 proof_size=531682
VERIFIED goldilocks e=2 log_d=20 m=32 blowup=2 terminal_coefficients=256 num_queries=241 threads=32 repetition=2 proof_size=537124
VERIFIED goldilocks e=2 log_d=20 m=32 blowup=2 terminal_coefficients=256 num_queries=241 threads=32 repetition=3 proof_size=533634
VERIFIED goldilocks e=2 log_d=20 m=32 blowup=2 terminal_coefficients=256 num_queries=241 threads=32 repetition=4 proof_size=542528
VERIFIED goldilocks e=2 log_d=20 m=32 blowup=2 terminal_coefficients=256 num_queries=241 threads=32 repetition=5 proof_size=539392
DONE goldilocks e=2 log_d=20 m=32 blowup=2 terminal_coefficients=256 num_queries=241 threads=32
goldilocks e=2 log_d=21 m=32 blowup=2 terminal_coefficients=256 num_queries=241 threads=32: geometry valid; security not evaluated; estimated bytes coefficients=16777216 matrix=33554432 trees=16711424 scratch=132223040 peak_with_overhead=282637072; available_memory_bytes=Some(520931741696) available_cpus=Some(256)
START goldilocks e=2 log_d=21 m=32 blowup=2 terminal_coefficients=256 num_queries=241 threads=32 timing_model=core-v1 seed=20260906 warmups=1 repetitions=5
WARMUP VERIFIED goldilocks e=2 log_d=21 m=32 blowup=2 terminal_coefficients=256 num_queries=241 threads=32 proof_size=662504
VERIFIED goldilocks e=2 log_d=21 m=32 blowup=2 terminal_coefficients=256 num_queries=241 threads=32 repetition=1 proof_size=662504
VERIFIED goldilocks e=2 log_d=21 m=32 blowup=2 terminal_coefficients=256 num_queries=241 threads=32 repetition=2 proof_size=641894
VERIFIED goldilocks e=2 log_d=21 m=32 blowup=2 terminal_coefficients=256 num_queries=241 threads=32 repetition=3 proof_size=654280
VERIFIED goldilocks e=2 log_d=21 m=32 blowup=2 terminal_coefficients=256 num_queries=241 threads=32 repetition=4 proof_size=659142
VERIFIED goldilocks e=2 log_d=21 m=32 blowup=2 terminal_coefficients=256 num_queries=241 threads=32 repetition=5 proof_size=656646
DONE goldilocks e=2 log_d=21 m=32 blowup=2 terminal_coefficients=256 num_queries=241 threads=32
goldilocks e=2 log_d=22 m=64 blowup=2 terminal_coefficients=256 num_queries=242 threads=32: geometry valid; security not evaluated; estimated bytes coefficients=33554432 matrix=67108864 trees=16711424 scratch=166580800 peak_with_overhead=388498832; available_memory_bytes=Some(520862699520) available_cpus=Some(256)
START goldilocks e=2 log_d=22 m=64 blowup=2 terminal_coefficients=256 num_queries=242 threads=32 timing_model=core-v1 seed=20260906 warmups=1 repetitions=5
WARMUP VERIFIED goldilocks e=2 log_d=22 m=64 blowup=2 terminal_coefficients=256 num_queries=242 threads=32 proof_size=784040
VERIFIED goldilocks e=2 log_d=22 m=64 blowup=2 terminal_coefficients=256 num_queries=242 threads=32 repetition=1 proof_size=784040
VERIFIED goldilocks e=2 log_d=22 m=64 blowup=2 terminal_coefficients=256 num_queries=242 threads=32 repetition=2 proof_size=783306
VERIFIED goldilocks e=2 log_d=22 m=64 blowup=2 terminal_coefficients=256 num_queries=242 threads=32 repetition=3 proof_size=776424
VERIFIED goldilocks e=2 log_d=22 m=64 blowup=2 terminal_coefficients=256 num_queries=242 threads=32 repetition=4 proof_size=785962
VERIFIED goldilocks e=2 log_d=22 m=64 blowup=2 terminal_coefficients=256 num_queries=242 threads=32 repetition=5 proof_size=785258
DONE goldilocks e=2 log_d=22 m=64 blowup=2 terminal_coefficients=256 num_queries=242 threads=32
goldilocks e=2 log_d=23 m=64 blowup=2 terminal_coefficients=256 num_queries=242 threads=32: geometry valid; security not evaluated; estimated bytes coefficients=67108864 matrix=134217728 trees=33488608 scratch=253979200 peak_with_overhead=644547432; available_memory_bytes=Some(520803446784) available_cpus=Some(256)
START goldilocks e=2 log_d=23 m=64 blowup=2 terminal_coefficients=256 num_queries=242 threads=32 timing_model=core-v1 seed=20260906 warmups=1 repetitions=5
WARMUP VERIFIED goldilocks e=2 log_d=23 m=64 blowup=2 terminal_coefficients=256 num_queries=242 threads=32 proof_size=916910
VERIFIED goldilocks e=2 log_d=23 m=64 blowup=2 terminal_coefficients=256 num_queries=242 threads=32 repetition=1 proof_size=916910
VERIFIED goldilocks e=2 log_d=23 m=64 blowup=2 terminal_coefficients=256 num_queries=242 threads=32 repetition=2 proof_size=905390
VERIFIED goldilocks e=2 log_d=23 m=64 blowup=2 terminal_coefficients=256 num_queries=242 threads=32 repetition=3 proof_size=908686
VERIFIED goldilocks e=2 log_d=23 m=64 blowup=2 terminal_coefficients=256 num_queries=242 threads=32 repetition=4 proof_size=915438
VERIFIED goldilocks e=2 log_d=23 m=64 blowup=2 terminal_coefficients=256 num_queries=242 threads=32 repetition=5 proof_size=907980
DONE goldilocks e=2 log_d=23 m=64 blowup=2 terminal_coefficients=256 num_queries=242 threads=32
goldilocks e=2 log_d=24 m=64 blowup=2 terminal_coefficients=256 num_queries=242 threads=32: geometry valid; security not evaluated; estimated bytes coefficients=134217728 matrix=268435456 trees=67043008 scratch=426498112 peak_with_overhead=1153797312; available_memory_bytes=Some(520875724800) available_cpus=Some(256)
START goldilocks e=2 log_d=24 m=64 blowup=2 terminal_coefficients=256 num_queries=242 threads=32 timing_model=core-v1 seed=20260906 warmups=1 repetitions=5
WARMUP VERIFIED goldilocks e=2 log_d=24 m=64 blowup=2 terminal_coefficients=256 num_queries=242 threads=32 proof_size=1062578
VERIFIED goldilocks e=2 log_d=24 m=64 blowup=2 terminal_coefficients=256 num_queries=242 threads=32 repetition=1 proof_size=1062578
VERIFIED goldilocks e=2 log_d=24 m=64 blowup=2 terminal_coefficients=256 num_queries=242 threads=32 repetition=2 proof_size=1059698
VERIFIED goldilocks e=2 log_d=24 m=64 blowup=2 terminal_coefficients=256 num_queries=242 threads=32 repetition=3 proof_size=1054098
VERIFIED goldilocks e=2 log_d=24 m=64 blowup=2 terminal_coefficients=256 num_queries=242 threads=32 repetition=4 proof_size=1058450
VERIFIED goldilocks e=2 log_d=24 m=64 blowup=2 terminal_coefficients=256 num_queries=242 threads=32 repetition=5 proof_size=1063474
DONE goldilocks e=2 log_d=24 m=64 blowup=2 terminal_coefficients=256 num_queries=242 threads=32
goldilocks e=2 log_d=25 m=64 blowup=2 terminal_coefficients=256 num_queries=242 threads=32: geometry valid; security not evaluated; estimated bytes coefficients=268435456 matrix=536870912 trees=134151840 scratch=769072192 peak_with_overhead=2169217432; available_memory_bytes=Some(520799133696) available_cpus=Some(256)
START goldilocks e=2 log_d=25 m=64 blowup=2 terminal_coefficients=256 num_queries=242 threads=32 timing_model=core-v1 seed=20260906 warmups=1 repetitions=5
WARMUP VERIFIED goldilocks e=2 log_d=25 m=64 blowup=2 terminal_coefficients=256 num_queries=242 threads=32 proof_size=1222006
VERIFIED goldilocks e=2 log_d=25 m=64 blowup=2 terminal_coefficients=256 num_queries=242 threads=32 repetition=1 proof_size=1222006
VERIFIED goldilocks e=2 log_d=25 m=64 blowup=2 terminal_coefficients=256 num_queries=242 threads=32 repetition=2 proof_size=1224598
VERIFIED goldilocks e=2 log_d=25 m=64 blowup=2 terminal_coefficients=256 num_queries=242 threads=32 repetition=3 proof_size=1237046
VERIFIED goldilocks e=2 log_d=25 m=64 blowup=2 terminal_coefficients=256 num_queries=242 threads=32 repetition=4 proof_size=1245046
VERIFIED goldilocks e=2 log_d=25 m=64 blowup=2 terminal_coefficients=256 num_queries=242 threads=32 repetition=5 proof_size=1228374
DONE goldilocks e=2 log_d=25 m=64 blowup=2 terminal_coefficients=256 num_queries=242 threads=32
goldilocks e=2 log_d=26 m=64 blowup=2 terminal_coefficients=256 num_queries=244 threads=32: geometry valid; security not evaluated; estimated bytes coefficients=536870912 matrix=1073741824 trees=268369536 scratch=1451781184 peak_with_overhead=4197008752; available_memory_bytes=Some(520881295360) available_cpus=Some(256)
START goldilocks e=2 log_d=26 m=64 blowup=2 terminal_coefficients=256 num_queries=244 threads=32 timing_model=core-v1 seed=20260906 warmups=1 repetitions=5
WARMUP VERIFIED goldilocks e=2 log_d=26 m=64 blowup=2 terminal_coefficients=256 num_queries=244 threads=32 proof_size=1418974
VERIFIED goldilocks e=2 log_d=26 m=64 blowup=2 terminal_coefficients=256 num_queries=244 threads=32 repetition=1 proof_size=1418974
VERIFIED goldilocks e=2 log_d=26 m=64 blowup=2 terminal_coefficients=256 num_queries=244 threads=32 repetition=2 proof_size=1426686
VERIFIED goldilocks e=2 log_d=26 m=64 blowup=2 terminal_coefficients=256 num_queries=244 threads=32 repetition=3 proof_size=1412094
VERIFIED goldilocks e=2 log_d=26 m=64 blowup=2 terminal_coefficients=256 num_queries=244 threads=32 repetition=4 proof_size=1423070
VERIFIED goldilocks e=2 log_d=26 m=64 blowup=2 terminal_coefficients=256 num_queries=244 threads=32 repetition=5 proof_size=1421662
DONE goldilocks e=2 log_d=26 m=64 blowup=2 terminal_coefficients=256 num_queries=244 threads=32
goldilocks e=3 log_d=27 m=64 blowup=2 terminal_coefficients=256 num_queries=241 threads=32: geometry valid; security not evaluated; estimated bytes coefficients=1073741824 matrix=2147483648 trees=536804960 scratch=3082366784 peak_with_overhead=8584050952; available_memory_bytes=Some(520826617856) available_cpus=Some(256)
START goldilocks e=3 log_d=27 m=64 blowup=2 terminal_coefficients=256 num_queries=241 threads=32 timing_model=core-v1 seed=20260906 warmups=1 repetitions=5
WARMUP VERIFIED goldilocks e=3 log_d=27 m=64 blowup=2 terminal_coefficients=256 num_queries=241 threads=32 proof_size=1654076
VERIFIED goldilocks e=3 log_d=27 m=64 blowup=2 terminal_coefficients=256 num_queries=241 threads=32 repetition=1 proof_size=1654076
VERIFIED goldilocks e=3 log_d=27 m=64 blowup=2 terminal_coefficients=256 num_queries=241 threads=32 repetition=2 proof_size=1649564
VERIFIED goldilocks e=3 log_d=27 m=64 blowup=2 terminal_coefficients=256 num_queries=241 threads=32 repetition=3 proof_size=1656508
VERIFIED goldilocks e=3 log_d=27 m=64 blowup=2 terminal_coefficients=256 num_queries=241 threads=32 repetition=4 proof_size=1663580
VERIFIED goldilocks e=3 log_d=27 m=64 blowup=2 terminal_coefficients=256 num_queries=241 threads=32 repetition=5 proof_size=1657516
DONE goldilocks e=3 log_d=27 m=64 blowup=2 terminal_coefficients=256 num_queries=241 threads=32
goldilocks e=3 log_d=28 m=64 blowup=2 terminal_coefficients=256 num_queries=241 threads=32: geometry valid; security not evaluated; estimated bytes coefficients=2147483648 matrix=4294967296 trees=1073675840 scratch=6072113472 peak_with_overhead=17018854752; available_memory_bytes=Some(521231966208) available_cpus=Some(256)
START goldilocks e=3 log_d=28 m=64 blowup=2 terminal_coefficients=256 num_queries=241 threads=32 timing_model=core-v1 seed=20260906 warmups=1 repetitions=5
WARMUP VERIFIED goldilocks e=3 log_d=28 m=64 blowup=2 terminal_coefficients=256 num_queries=241 threads=32 proof_size=1887488
VERIFIED goldilocks e=3 log_d=28 m=64 blowup=2 terminal_coefficients=256 num_queries=241 threads=32 repetition=1 proof_size=1887488
VERIFIED goldilocks e=3 log_d=28 m=64 blowup=2 terminal_coefficients=256 num_queries=241 threads=32 repetition=2 proof_size=1866496
VERIFIED goldilocks e=3 log_d=28 m=64 blowup=2 terminal_coefficients=256 num_queries=241 threads=32 repetition=3 proof_size=1850304
VERIFIED goldilocks e=3 log_d=28 m=64 blowup=2 terminal_coefficients=256 num_queries=241 threads=32 repetition=4 proof_size=1850912
VERIFIED goldilocks e=3 log_d=28 m=64 blowup=2 terminal_coefficients=256 num_queries=241 threads=32 repetition=5 proof_size=1872720
DONE goldilocks e=3 log_d=28 m=64 blowup=2 terminal_coefficients=256 num_queries=241 threads=32
